Command: /mnt/vol_NFS_rh003/Est_Veri_II2026/LEZCANO_FERNANDEZ_CRISTHIAN_VeriII26/Prueba_Proy/./salida -cm line+tgl+cond+fsm+branch+assert +ntb_random_seed=123 +TEST_CASE=INVALID -l run_INVALID_seed123.log
Chronologic VCS simulator copyright 1991-2020
Contains Synopsys proprietary information.
Compiler version R-2020.12-SP2_Full64; Runtime version R-2020.12-SP2_Full64;  Oct  1 19:30 2026
[TEST] ==================================================
[TEST] INICIANDO PRUEBA invalid (semilla 123)
[TEST] Generando 50 transacciones (fifo_depth=16)...
[TEST] ==================================================
[ENV] ==================================================
[ENV] INICIANDO AMBIENTE DE VERIFICACION
[ENV] ==================================================
[GEN] Creando 50 transacciones con origen aleatorio
[GEN 0] origen=3 destino=6 retardo=10 dato=43
[GEN 1] origen=5 destino=6 retardo=6 dato=19
[GEN 2] origen=0 destino=135 retardo=16 dato=82
[GEN 3] origen=5 destino=250 retardo=9 dato=51
[GEN 4] origen=4 destino=230 retardo=3 dato=b6
[GEN 5] origen=5 destino=145 retardo=2 dato=ec
[GEN 6] origen=4 destino=94 retardo=16 dato=5b
[GEN 7] origen=2 destino=6 retardo=11 dato=62
[GEN 8] origen=3 destino=10 retardo=17 dato=8d
[GEN 9] origen=5 destino=130 retardo=7 dato=5a
[GEN 10] origen=0 destino=253 retardo=16 dato=c0
[GEN 11] origen=2 destino=208 retardo=7 dato=b1
[GEN 12] origen=1 destino=117 retardo=3 dato=d3
[GEN 13] origen=2 destino=68 retardo=9 dato=1f
[GEN 14] origen=2 destino=120 retardo=10 dato=c0
[GEN 15] origen=3 destino=93 retardo=12 dato=c1
[GEN 16] origen=0 destino=217 retardo=8 dato=84
[GEN 17] origen=1 destino=53 retardo=0 dato=4a
[GEN 18] origen=2 destino=254 retardo=12 dato=68
[GEN 19] origen=3 destino=145 retardo=15 dato=6f
[GEN 20] origen=2 destino=150 retardo=8 dato=3f
[GEN 21] origen=0 destino=159 retardo=0 dato=a4
[GEN 22] origen=3 destino=191 retardo=10 dato=b0
[GEN 23] origen=2 destino=7 retardo=18 dato=66
[GEN 24] origen=1 destino=246 retardo=10 dato=b4
[GEN 25] origen=3 destino=147 retardo=2 dato=78
[GEN 26] origen=1 destino=6 retardo=9 dato=70
[GEN 27] origen=4 destino=76 retardo=5 dato=cb
[GEN 28] origen=3 destino=58 retardo=9 dato=de
[GEN 29] origen=2 destino=152 retardo=18 dato=67
[GEN 30] origen=1 destino=155 retardo=4 dato=90
[GEN 31] origen=0 destino=110 retardo=19 dato=e9
[GEN 32] origen=4 destino=37 retardo=18 dato=9b
[GEN 33] origen=4 destino=62 retardo=17 dato=6b
[GEN 34] origen=0 destino=76 retardo=10 dato=e6
[GEN 35] origen=1 destino=195 retardo=14 dato=9d
[GEN 36] origen=5 destino=6 retardo=3 dato=ed
[GEN 37] origen=4 destino=103 retardo=16 dato=8a
[GEN 38] origen=3 destino=224 retardo=5 dato=e3
[GEN 39] origen=0 destino=67 retardo=14 dato=f0
[GEN 40] origen=5 destino=198 retardo=5 dato=a8
[GEN 41] origen=1 destino=136 retardo=16 dato=6f
[GEN 42] origen=0 destino=205 retardo=19 dato=fa
[GEN 43] origen=4 destino=126 retardo=17 dato=76
[GEN 44] origen=2 destino=190 retardo=14 dato=6f
[GEN 45] origen=4 destino=10 retardo=3 dato=8e
[GEN 46] origen=5 destino=124 retardo=20 dato=c9
[GEN 47] origen=2 destino=149 retardo=19 dato=fa
[GEN 48] origen=5 destino=86 retardo=1 dato=80
[GEN 49] origen=4 destino=210 retardo=13 dato=24
[ENV] Generacion de estimulos completada. Esperando vaciado de FIFOs...
[DRV] Terminal 0: ocupacion maxima=6, veces que se lleno (stall)=0
[DRV] Terminal 1: ocupacion maxima=6, veces que se lleno (stall)=0
[DRV] Terminal 2: ocupacion maxima=8, veces que se lleno (stall)=0
[DRV] Terminal 3: ocupacion maxima=7, veces que se lleno (stall)=0
[DRV] Terminal 4: ocupacion maxima=7, veces que se lleno (stall)=0
[DRV] Terminal 5: ocupacion maxima=7, veces que se lleno (stall)=0
[SB] unicast=0 broadcast=0 invalidos=50 a_si_mismo=0 recepciones_esperadas=0
[CHK] ok=0 unexpected=0 out_of_order=0 missing=0
[CHK] Archivo reporte_invalid_w16_seed123.csv generado con 0 registros
[ENV] ==================================================
[ENV] SIMULACION FINALIZADA
[ENV] ==================================================
[TEST] ==================================================
[TEST] RESULTADO: PASS (0 paquetes esperados, 0 recibidos: esperado para INVALID puro sin receptor)
[TEST] ==================================================
$finish called from file "testbench.sv", line 83.
$finish at simulation time             10655000

---------------------------------------------------------------------------
VCS Coverage Metrics: during simulation line, cond, FSM, branch, tgl was monitored
---------------------------------------------------------------------------
           V C S   S i m u l a t i o n   R e p o r t 
Time: 10655000 ps
CPU Time:      2.110 seconds;       Data structure size:   1.0Mb
Thu Oct  1 19:30:49 2026
