Command: /mnt/vol_NFS_rh003/Est_Veri_II2026/LEZCANO_FERNANDEZ_CRISTHIAN_VeriII26/Prueba_Proy/./salida_w16 -cm line+tgl+cond+fsm+branch+assert +ntb_random_seed=3303 -l run_w16_seed3303.log
Chronologic VCS simulator copyright 1991-2020
Contains Synopsys proprietary information.
Compiler version R-2020.12-SP2_Full64; Runtime version R-2020.12-SP2_Full64;  Oct  1 15:24 2026
[TEST] ==================================================
[TEST] INICIANDO PRUEBA base (semilla 3303)
[TEST] Generando 50 transacciones...
[TEST] ==================================================
[ENV] ==================================================
[ENV] INICIANDO AMBIENTE DE VERIFICACION
[ENV] ==================================================
[GEN] Creando 50 transacciones con origen aleatorio
[GEN 0] origen=3 destino=4 retardo=1 dato=6c
[GEN 1] origen=3 destino=6 retardo=1 dato=9d
[GEN 2] origen=5 destino=1 retardo=3 dato=2e
[GEN 3] origen=1 destino=95 retardo=6 dato=37
[GEN 4] origen=0 destino=5 retardo=11 dato=02
[GEN 5] origen=3 destino=1 retardo=19 dato=e8
[GEN 6] origen=3 destino=1 retardo=10 dato=24
[GEN 7] origen=5 destino=255 retardo=19 dato=c1
[GEN 8] origen=4 destino=2 retardo=20 dato=0e
[GEN 9] origen=3 destino=1 retardo=10 dato=41
[GEN 10] origen=3 destino=255 retardo=10 dato=e3
[GEN 11] origen=1 destino=3 retardo=4 dato=0a
[GEN 12] origen=1 destino=255 retardo=16 dato=67
[GEN 13] origen=5 destino=44 retardo=4 dato=4e
[GEN 14] origen=5 destino=3 retardo=1 dato=d6
[GEN 15] origen=2 destino=255 retardo=7 dato=6a
[GEN 16] origen=5 destino=2 retardo=11 dato=de
[GEN 17] origen=1 destino=2 retardo=8 dato=85
[GEN 18] origen=3 destino=5 retardo=10 dato=b2
[GEN 19] origen=5 destino=2 retardo=3 dato=ff
[GEN 20] origen=4 destino=6 retardo=11 dato=b8
[GEN 21] origen=5 destino=4 retardo=15 dato=6f
[GEN 22] origen=5 destino=4 retardo=12 dato=a8
[GEN 23] origen=0 destino=3 retardo=5 dato=85
[GEN 24] origen=2 destino=255 retardo=11 dato=d4
[GEN 25] origen=4 destino=3 retardo=7 dato=08
[GEN 26] origen=4 destino=2 retardo=19 dato=f4
[GEN 27] origen=2 destino=3 retardo=3 dato=41
[GEN 28] origen=5 destino=0 retardo=11 dato=d9
[GEN 29] origen=1 destino=2 retardo=0 dato=d4
[GEN 30] origen=5 destino=2 retardo=2 dato=96
[GEN 31] origen=4 destino=255 retardo=18 dato=47
[GEN 32] origen=0 destino=4 retardo=9 dato=c5
[GEN 33] origen=1 destino=5 retardo=14 dato=31
[GEN 34] origen=2 destino=3 retardo=9 dato=5c
[GEN 35] origen=0 destino=3 retardo=16 dato=f0
[GEN 36] origen=3 destino=0 retardo=6 dato=d8
[GEN 37] origen=5 destino=1 retardo=17 dato=76
[GEN 38] origen=0 destino=2 retardo=0 dato=35
[GEN 39] origen=2 destino=255 retardo=15 dato=62
[GEN 40] origen=4 destino=51 retardo=5 dato=83
[GEN 41] origen=0 destino=159 retardo=13 dato=78
[GEN 42] origen=2 destino=73 retardo=16 dato=79
[GEN 43] origen=3 destino=0 retardo=1 dato=9b
[GEN 44] origen=5 destino=0 retardo=16 dato=ff
[GEN 45] origen=5 destino=3 retardo=17 dato=a3
[GEN 46] origen=3 destino=2 retardo=13 dato=1e
[GEN 47] origen=4 destino=232 retardo=16 dato=13
[GEN 48] origen=4 destino=1 retardo=20 dato=17
[GEN 49] origen=0 destino=4 retardo=16 dato=e7
[ENV] Generacion de estimulos completada. Esperando vaciado de FIFOs...
[SB] unicast=35 broadcast=7 invalidos=8 a_si_mismo=0 recepciones_esperadas=70
[CHK] ok=70 unexpected=0 out_of_order=0 missing=0
[CHK] Archivo reporte_base_w16_seed3303.csv generado con 70 registros
[ENV] ==================================================
[ENV] SIMULACION FINALIZADA
[ENV] ==================================================
[TEST] ==================================================
[TEST] RESULTADO: PASS (70 paquetes correctos)
[TEST] ==================================================
$finish called from file "testbench.sv", line 83.
$finish at simulation time             11165000

---------------------------------------------------------------------------
VCS Coverage Metrics: during simulation line, cond, FSM, branch, tgl was monitored
---------------------------------------------------------------------------
           V C S   S i m u l a t i o n   R e p o r t 
Time: 11165000 ps
CPU Time:      1.970 seconds;       Data structure size:   1.0Mb
Thu Oct  1 15:24:15 2026
