Command: /mnt/vol_NFS_rh003/Est_Veri_II2026/LEZCANO_FERNANDEZ_CRISTHIAN_VeriII26/Prueba_Proy/./salida_w32 -cm line+tgl+cond+fsm+branch+assert +ntb_random_seed=1847 -l run_w32_seed1847.log
Chronologic VCS simulator copyright 1991-2020
Contains Synopsys proprietary information.
Compiler version R-2020.12-SP2_Full64; Runtime version R-2020.12-SP2_Full64;  Oct  1 15:24 2026
[TEST] ==================================================
[TEST] INICIANDO PRUEBA base (semilla 1847)
[TEST] Generando 50 transacciones...
[TEST] ==================================================
[ENV] ==================================================
[ENV] INICIANDO AMBIENTE DE VERIFICACION
[ENV] ==================================================
[GEN] Creando 50 transacciones con origen aleatorio
[GEN 0] origen=3 destino=2 retardo=9 dato=e15ac9
[GEN 1] origen=3 destino=1 retardo=19 dato=a5e7f7
[GEN 2] origen=2 destino=4 retardo=1 dato=b67d0b
[GEN 3] origen=5 destino=2 retardo=3 dato=dda1b4
[GEN 4] origen=5 destino=1 retardo=0 dato=0d3f7b
[GEN 5] origen=2 destino=3 retardo=6 dato=0e50bc
[GEN 6] origen=5 destino=2 retardo=13 dato=8a44f2
[GEN 7] origen=5 destino=3 retardo=0 dato=08ab77
[GEN 8] origen=5 destino=46 retardo=10 dato=c98522
[GEN 9] origen=4 destino=1 retardo=1 dato=aab921
[GEN 10] origen=4 destino=2 retardo=3 dato=b2e948
[GEN 11] origen=3 destino=4 retardo=6 dato=c55af4
[GEN 12] origen=0 destino=255 retardo=17 dato=049afa
[GEN 13] origen=1 destino=255 retardo=0 dato=ae7a11
[GEN 14] origen=5 destino=1 retardo=16 dato=287c01
[GEN 15] origen=5 destino=3 retardo=11 dato=e7c27a
[GEN 16] origen=4 destino=2 retardo=18 dato=c7daba
[GEN 17] origen=3 destino=190 retardo=0 dato=9f7ea8
[GEN 18] origen=4 destino=255 retardo=6 dato=1d8a82
[GEN 19] origen=0 destino=4 retardo=13 dato=75773c
[GEN 20] origen=4 destino=127 retardo=1 dato=6e9726
[GEN 21] origen=5 destino=3 retardo=7 dato=fc71e1
[GEN 22] origen=1 destino=254 retardo=16 dato=a6b04c
[GEN 23] origen=5 destino=255 retardo=13 dato=fac74e
[GEN 24] origen=1 destino=78 retardo=13 dato=540c16
[GEN 25] origen=4 destino=0 retardo=0 dato=3e8120
[GEN 26] origen=4 destino=254 retardo=4 dato=8e8d0e
[GEN 27] origen=1 destino=3 retardo=4 dato=00f7b1
[GEN 28] origen=0 destino=255 retardo=20 dato=f0d237
[GEN 29] origen=2 destino=3 retardo=14 dato=60e449
[GEN 30] origen=1 destino=4 retardo=3 dato=ec6cb8
[GEN 31] origen=0 destino=5 retardo=12 dato=78e47d
[GEN 32] origen=5 destino=1 retardo=10 dato=b1fd8f
[GEN 33] origen=5 destino=1 retardo=17 dato=edce6e
[GEN 34] origen=5 destino=255 retardo=17 dato=142a4a
[GEN 35] origen=0 destino=255 retardo=14 dato=ace912
[GEN 36] origen=0 destino=1 retardo=14 dato=4b355a
[GEN 37] origen=3 destino=255 retardo=9 dato=33bc23
[GEN 38] origen=2 destino=4 retardo=19 dato=04019b
[GEN 39] origen=1 destino=0 retardo=11 dato=e98972
[GEN 40] origen=3 destino=0 retardo=5 dato=a97736
[GEN 41] origen=3 destino=116 retardo=6 dato=b94007
[GEN 42] origen=4 destino=0 retardo=11 dato=2a9450
[GEN 43] origen=2 destino=3 retardo=8 dato=adce99
[GEN 44] origen=2 destino=1 retardo=7 dato=266998
[GEN 45] origen=4 destino=5 retardo=2 dato=1739f3
[GEN 46] origen=1 destino=4 retardo=18 dato=639eed
[GEN 47] origen=1 destino=4 retardo=6 dato=2374c6
[GEN 48] origen=5 destino=4 retardo=12 dato=2e71bc
[GEN 49] origen=2 destino=5 retardo=7 dato=4fc04a
[ENV] Generacion de estimulos completada. Esperando vaciado de FIFOs...
[SB] unicast=35 broadcast=8 invalidos=7 a_si_mismo=0 recepciones_esperadas=75
[CHK] ok=75 unexpected=0 out_of_order=0 missing=0
[CHK] Archivo reporte_base_w32_seed1847.csv generado con 75 registros
[ENV] ==================================================
[ENV] SIMULACION FINALIZADA
[ENV] ==================================================
[TEST] ==================================================
[TEST] RESULTADO: PASS (75 paquetes correctos)
[TEST] ==================================================
$finish called from file "testbench.sv", line 83.
$finish at simulation time             19805000

---------------------------------------------------------------------------
VCS Coverage Metrics: during simulation line, cond, FSM, branch, tgl was monitored
---------------------------------------------------------------------------
           V C S   S i m u l a t i o n   R e p o r t 
Time: 19805000 ps
CPU Time:      2.240 seconds;       Data structure size:   1.3Mb
Thu Oct  1 15:24:33 2026
