Command: /mnt/vol_NFS_rh003/Est_Veri_II2026/LEZCANO_FERNANDEZ_CRISTHIAN_VeriII26/Prueba_Proy/./salida -cm line+tgl+cond+fsm+branch+assert +ntb_random_seed=1234 +TEST_CASE=INVALID +NUM_TX=0 -l run_INVALID_w16_seed1234.log
Chronologic VCS simulator copyright 1991-2020
Contains Synopsys proprietary information.
Compiler version R-2020.12-SP2_Full64; Runtime version R-2020.12-SP2_Full64;  Oct  1 22:10 2026
[TEST] ==================================================
[TEST] INICIANDO PRUEBA invalid (semilla 1234)
[TEST] Generando transacciones por terminal, 5..20 cada una (fifo_depth=16)...
[TEST] ==================================================
[ENV] ==================================================
[ENV] INICIANDO AMBIENTE DE VERIFICACION
[ENV] ==================================================
[GEN] Terminal 0: 18 transacciones
[GEN 0] origen=0 destino=88 retardo=7 dato=5c
[GEN 1] origen=0 destino=252 retardo=1 dato=40
[GEN 2] origen=0 destino=62 retardo=0 dato=b3
[GEN 3] origen=0 destino=6 retardo=7 dato=fa
[GEN 4] origen=0 destino=148 retardo=11 dato=7e
[GEN 5] origen=0 destino=254 retardo=2 dato=04
[GEN 6] origen=0 destino=76 retardo=0 dato=9b
[GEN 7] origen=0 destino=254 retardo=10 dato=48
[GEN 8] origen=0 destino=6 retardo=6 dato=bf
[GEN 9] origen=0 destino=185 retardo=5 dato=d0
[GEN 10] origen=0 destino=6 retardo=3 dato=7b
[GEN 11] origen=0 destino=241 retardo=9 dato=da
[GEN 12] origen=0 destino=201 retardo=3 dato=d4
[GEN 13] origen=0 destino=6 retardo=4 dato=94
[GEN 14] origen=0 destino=81 retardo=14 dato=b4
[GEN 15] origen=0 destino=172 retardo=3 dato=97
[GEN 16] origen=0 destino=26 retardo=17 dato=d0
[GEN 17] origen=0 destino=10 retardo=5 dato=6d
[GEN] Terminal 1: 6 transacciones
[GEN 18] origen=1 destino=14 retardo=17 dato=ac
[GEN 19] origen=1 destino=6 retardo=7 dato=a6
[GEN 20] origen=1 destino=27 retardo=15 dato=bb
[GEN 21] origen=1 destino=108 retardo=1 dato=c8
[GEN 22] origen=1 destino=6 retardo=6 dato=ae
[GEN 23] origen=1 destino=67 retardo=20 dato=3d
[GEN] Terminal 2: 7 transacciones
[GEN 24] origen=2 destino=214 retardo=5 dato=41
[GEN 25] origen=2 destino=26 retardo=19 dato=ed
[GEN 26] origen=2 destino=12 retardo=5 dato=64
[GEN 27] origen=2 destino=254 retardo=13 dato=b8
[GEN 28] origen=2 destino=6 retardo=18 dato=77
[GEN 29] origen=2 destino=153 retardo=3 dato=35
[GEN 30] origen=2 destino=6 retardo=20 dato=0f
[GEN] Terminal 3: 16 transacciones
[GEN 31] origen=3 destino=254 retardo=15 dato=77
[GEN 32] origen=3 destino=53 retardo=13 dato=8a
[GEN 33] origen=3 destino=6 retardo=2 dato=57
[GEN 34] origen=3 destino=254 retardo=16 dato=bb
[GEN 35] origen=3 destino=230 retardo=11 dato=81
[GEN 36] origen=3 destino=225 retardo=12 dato=33
[GEN 37] origen=3 destino=48 retardo=8 dato=35
[GEN 38] origen=3 destino=236 retardo=3 dato=c8
[GEN 39] origen=3 destino=254 retardo=17 dato=e8
[GEN 40] origen=3 destino=196 retardo=5 dato=29
[GEN 41] origen=3 destino=6 retardo=7 dato=8a
[GEN 42] origen=3 destino=218 retardo=9 dato=50
[GEN 43] origen=3 destino=98 retardo=17 dato=be
[GEN 44] origen=3 destino=25 retardo=18 dato=49
[GEN 45] origen=3 destino=184 retardo=2 dato=84
[GEN 46] origen=3 destino=254 retardo=20 dato=b7
[GEN] Terminal 4: 20 transacciones
[GEN 47] origen=4 destino=6 retardo=3 dato=2f
[GEN 48] origen=4 destino=254 retardo=13 dato=2d
[GEN 49] origen=4 destino=207 retardo=14 dato=4f
[GEN 50] origen=4 destino=82 retardo=5 dato=e6
[GEN 51] origen=4 destino=163 retardo=17 dato=19
[GEN 52] origen=4 destino=60 retardo=4 dato=d7
[GEN 53] origen=4 destino=252 retardo=9 dato=9a
[GEN 54] origen=4 destino=142 retardo=17 dato=c7
[GEN 55] origen=4 destino=240 retardo=11 dato=84
[GEN 56] origen=4 destino=49 retardo=6 dato=56
[GEN 57] origen=4 destino=130 retardo=18 dato=c3
[GEN 58] origen=4 destino=230 retardo=16 dato=bc
[GEN 59] origen=4 destino=46 retardo=1 dato=b6
[GEN 60] origen=4 destino=215 retardo=20 dato=1a
[GEN 61] origen=4 destino=82 retardo=5 dato=1b
[GEN 62] origen=4 destino=179 retardo=9 dato=8a
[GEN 63] origen=4 destino=163 retardo=9 dato=53
[GEN 64] origen=4 destino=25 retardo=6 dato=96
[GEN 65] origen=4 destino=6 retardo=15 dato=83
[GEN 66] origen=4 destino=100 retardo=20 dato=0f
[GEN] Terminal 5: 18 transacciones
[GEN 67] origen=5 destino=132 retardo=4 dato=53
[GEN 68] origen=5 destino=171 retardo=11 dato=6d
[GEN 69] origen=5 destino=254 retardo=8 dato=e5
[GEN 70] origen=5 destino=102 retardo=8 dato=a8
[GEN 71] origen=5 destino=142 retardo=10 dato=25
[GEN 72] origen=5 destino=176 retardo=10 dato=d1
[GEN 73] origen=5 destino=78 retardo=0 dato=f8
[GEN 74] origen=5 destino=200 retardo=0 dato=52
[GEN 75] origen=5 destino=132 retardo=6 dato=5e
[GEN 76] origen=5 destino=65 retardo=9 dato=db
[GEN 77] origen=5 destino=189 retardo=19 dato=dd
[GEN 78] origen=5 destino=248 retardo=19 dato=e3
[GEN 79] origen=5 destino=210 retardo=4 dato=3c
[GEN 80] origen=5 destino=125 retardo=12 dato=7b
[GEN 81] origen=5 destino=109 retardo=17 dato=1a
[GEN 82] origen=5 destino=254 retardo=6 dato=18
[GEN 83] origen=5 destino=9 retardo=7 dato=de
[GEN 84] origen=5 destino=46 retardo=16 dato=3e
[ENV] Generacion de estimulos completada. Esperando vaciado de FIFOs...
[FIFO_EMU] Terminal 0: FIFO llena (16/16), esperando espacio (overflow forzado)
[FIFO_EMU] Terminal 4: FIFO llena (16/16), esperando espacio (overflow forzado)
[DRV] Terminal 0: ocupacion maxima=16, veces que se lleno (stall)=1, underflow=0
[DRV] Terminal 1: ocupacion maxima=5, veces que se lleno (stall)=0, underflow=0
[DRV] Terminal 2: ocupacion maxima=5, veces que se lleno (stall)=0, underflow=0
[DRV] Terminal 3: ocupacion maxima=13, veces que se lleno (stall)=0, underflow=0
[DRV] Terminal 4: ocupacion maxima=16, veces que se lleno (stall)=1, underflow=0
[DRV] Terminal 5: ocupacion maxima=16, veces que se lleno (stall)=0, underflow=0
[SB] unicast=0 broadcast=0 invalidos=85 a_si_mismo=0 recepciones_esperadas=0
[CHK] ok=0 unexpected=0 out_of_order=0 missing=0
[CHK] Archivo reporte_invalid_w16_seed1234.csv generado con 0 registros
[ENV] ==================================================
[ENV] SIMULACION FINALIZADA
[ENV] ==================================================
[TEST] ==================================================
[TEST] RESULTADO: PASS (0 paquetes esperados, 0 recibidos: esperado para INVALID y SELF)
[TEST] ==================================================
$finish called from file "testbench.sv", line 83.
$finish at simulation time             17975000

---------------------------------------------------------------------------
VCS Coverage Metrics: during simulation line, cond, FSM, branch, tgl was monitored
---------------------------------------------------------------------------
           V C S   S i m u l a t i o n   R e p o r t 
Time: 17975000 ps
CPU Time:      1.950 seconds;       Data structure size:   1.0Mb
Thu Oct  1 22:10:55 2026
