Command: /mnt/vol_NFS_rh003/Est_Veri_II2026/LEZCANO_FERNANDEZ_CRISTHIAN_VeriII26/Prueba_Proy/./salida_w16 -cm line+tgl+cond+fsm+branch+assert +ntb_random_seed=3385 -l run_w16_seed3385.log
Chronologic VCS simulator copyright 1991-2020
Contains Synopsys proprietary information.
Compiler version R-2020.12-SP2_Full64; Runtime version R-2020.12-SP2_Full64;  Oct  1 15:24 2026
[TEST] ==================================================
[TEST] INICIANDO PRUEBA base (semilla 3385)
[TEST] Generando 50 transacciones...
[TEST] ==================================================
[ENV] ==================================================
[ENV] INICIANDO AMBIENTE DE VERIFICACION
[ENV] ==================================================
[GEN] Creando 50 transacciones con origen aleatorio
[GEN 0] origen=5 destino=3 retardo=20 dato=4f
[GEN 1] origen=0 destino=1 retardo=0 dato=7c
[GEN 2] origen=2 destino=133 retardo=17 dato=ab
[GEN 3] origen=0 destino=4 retardo=12 dato=73
[GEN 4] origen=0 destino=255 retardo=11 dato=49
[GEN 5] origen=3 destino=255 retardo=17 dato=05
[GEN 6] origen=2 destino=1 retardo=4 dato=d5
[GEN 7] origen=1 destino=255 retardo=2 dato=b5
[GEN 8] origen=1 destino=3 retardo=18 dato=6d
[GEN 9] origen=0 destino=4 retardo=19 dato=27
[GEN 10] origen=2 destino=0 retardo=19 dato=8f
[GEN 11] origen=5 destino=2 retardo=15 dato=79
[GEN 12] origen=3 destino=2 retardo=7 dato=df
[GEN 13] origen=5 destino=0 retardo=3 dato=fc
[GEN 14] origen=3 destino=4 retardo=10 dato=70
[GEN 15] origen=4 destino=1 retardo=15 dato=6d
[GEN 16] origen=1 destino=119 retardo=12 dato=37
[GEN 17] origen=0 destino=4 retardo=1 dato=a5
[GEN 18] origen=1 destino=0 retardo=17 dato=12
[GEN 19] origen=5 destino=1 retardo=12 dato=7b
[GEN 20] origen=5 destino=1 retardo=7 dato=5f
[GEN 21] origen=4 destino=1 retardo=5 dato=ee
[GEN 22] origen=4 destino=5 retardo=10 dato=03
[GEN 23] origen=1 destino=255 retardo=14 dato=34
[GEN 24] origen=2 destino=5 retardo=2 dato=7a
[GEN 25] origen=0 destino=2 retardo=1 dato=0b
[GEN 26] origen=3 destino=255 retardo=9 dato=af
[GEN 27] origen=0 destino=5 retardo=11 dato=41
[GEN 28] origen=0 destino=5 retardo=2 dato=9d
[GEN 29] origen=5 destino=3 retardo=1 dato=8a
[GEN 30] origen=1 destino=6 retardo=14 dato=d0
[GEN 31] origen=2 destino=0 retardo=15 dato=da
[GEN 32] origen=3 destino=255 retardo=11 dato=05
[GEN 33] origen=3 destino=255 retardo=7 dato=c8
[GEN 34] origen=0 destino=2 retardo=7 dato=59
[GEN 35] origen=3 destino=4 retardo=9 dato=ec
[GEN 36] origen=2 destino=5 retardo=2 dato=80
[GEN 37] origen=3 destino=2 retardo=1 dato=d3
[GEN 38] origen=1 destino=0 retardo=0 dato=9b
[GEN 39] origen=1 destino=2 retardo=11 dato=fc
[GEN 40] origen=0 destino=3 retardo=20 dato=6c
[GEN 41] origen=3 destino=5 retardo=7 dato=64
[GEN 42] origen=5 destino=1 retardo=4 dato=2d
[GEN 43] origen=3 destino=255 retardo=4 dato=32
[GEN 44] origen=3 destino=255 retardo=4 dato=9f
[GEN 45] origen=2 destino=3 retardo=9 dato=bc
[GEN 46] origen=1 destino=3 retardo=15 dato=60
[GEN 47] origen=3 destino=2 retardo=1 dato=98
[GEN 48] origen=0 destino=5 retardo=7 dato=9e
[GEN 49] origen=5 destino=255 retardo=0 dato=04
[ENV] Generacion de estimulos completada. Esperando vaciado de FIFOs...
[SB] unicast=37 broadcast=10 invalidos=3 a_si_mismo=0 recepciones_esperadas=87
[CHK] ok=87 unexpected=0 out_of_order=0 missing=0
[CHK] Archivo reporte_base_w16_seed3385.csv generado con 87 registros
[ENV] ==================================================
[ENV] SIMULACION FINALIZADA
[ENV] ==================================================
[TEST] ==================================================
[TEST] RESULTADO: PASS (87 paquetes correctos)
[TEST] ==================================================
$finish called from file "testbench.sv", line 83.
$finish at simulation time             11085000

---------------------------------------------------------------------------
VCS Coverage Metrics: during simulation line, cond, FSM, branch, tgl was monitored
---------------------------------------------------------------------------
           V C S   S i m u l a t i o n   R e p o r t 
Time: 11085000 ps
CPU Time:      2.090 seconds;       Data structure size:   1.0Mb
Thu Oct  1 15:24:10 2026
