Command: /mnt/vol_NFS_rh003/Est_Veri_II2026/LEZCANO_FERNANDEZ_CRISTHIAN_VeriII26/Prueba_Proy/./salida_w32 -cm line+tgl+cond+fsm+branch+assert +ntb_random_seed=10314 -l run_w32_seed10314.log
Chronologic VCS simulator copyright 1991-2020
Contains Synopsys proprietary information.
Compiler version R-2020.12-SP2_Full64; Runtime version R-2020.12-SP2_Full64;  Oct  1 15:24 2026
[TEST] ==================================================
[TEST] INICIANDO PRUEBA base (semilla 10314)
[TEST] Generando 50 transacciones...
[TEST] ==================================================
[ENV] ==================================================
[ENV] INICIANDO AMBIENTE DE VERIFICACION
[ENV] ==================================================
[GEN] Creando 50 transacciones con origen aleatorio
[GEN 0] origen=3 destino=0 retardo=8 dato=1d0b25
[GEN 1] origen=5 destino=4 retardo=10 dato=3168be
[GEN 2] origen=1 destino=0 retardo=20 dato=0c82ed
[GEN 3] origen=1 destino=5 retardo=17 dato=007ac7
[GEN 4] origen=4 destino=3 retardo=2 dato=8fc934
[GEN 5] origen=3 destino=1 retardo=15 dato=cedbe2
[GEN 6] origen=1 destino=0 retardo=5 dato=19947b
[GEN 7] origen=3 destino=1 retardo=15 dato=c8c4eb
[GEN 8] origen=0 destino=3 retardo=16 dato=22f42c
[GEN 9] origen=1 destino=0 retardo=8 dato=3327a9
[GEN 10] origen=1 destino=4 retardo=12 dato=b03a0e
[GEN 11] origen=0 destino=3 retardo=6 dato=979398
[GEN 12] origen=0 destino=3 retardo=10 dato=fe38c5
[GEN 13] origen=4 destino=255 retardo=13 dato=2ed8a5
[GEN 14] origen=4 destino=5 retardo=10 dato=c3d180
[GEN 15] origen=1 destino=6 retardo=20 dato=b159c7
[GEN 16] origen=3 destino=255 retardo=13 dato=e74108
[GEN 17] origen=0 destino=5 retardo=3 dato=6283c8
[GEN 18] origen=5 destino=1 retardo=17 dato=a74a4a
[GEN 19] origen=0 destino=5 retardo=10 dato=97cbe5
[GEN 20] origen=1 destino=2 retardo=9 dato=8ecd28
[GEN 21] origen=5 destino=255 retardo=15 dato=4be9d7
[GEN 22] origen=0 destino=3 retardo=14 dato=cb114a
[GEN 23] origen=3 destino=255 retardo=18 dato=10ccbd
[GEN 24] origen=1 destino=5 retardo=13 dato=314f59
[GEN 25] origen=0 destino=2 retardo=10 dato=623bbf
[GEN 26] origen=1 destino=2 retardo=20 dato=5555ff
[GEN 27] origen=4 destino=0 retardo=16 dato=6128bd
[GEN 28] origen=3 destino=5 retardo=4 dato=2c1fd5
[GEN 29] origen=3 destino=255 retardo=5 dato=8b0e64
[GEN 30] origen=0 destino=2 retardo=12 dato=dcd8ee
[GEN 31] origen=0 destino=5 retardo=18 dato=b31038
[GEN 32] origen=2 destino=245 retardo=11 dato=0818d9
[GEN 33] origen=2 destino=4 retardo=9 dato=73c42b
[GEN 34] origen=4 destino=1 retardo=16 dato=15b808
[GEN 35] origen=3 destino=255 retardo=13 dato=129a39
[GEN 36] origen=3 destino=1 retardo=15 dato=a2f79c
[GEN 37] origen=3 destino=6 retardo=8 dato=2d3fc1
[GEN 38] origen=2 destino=4 retardo=19 dato=66c88c
[GEN 39] origen=2 destino=4 retardo=2 dato=46fff7
[GEN 40] origen=5 destino=2 retardo=13 dato=6d6ca1
[GEN 41] origen=5 destino=4 retardo=20 dato=81471a
[GEN 42] origen=1 destino=3 retardo=15 dato=526f7d
[GEN 43] origen=0 destino=1 retardo=0 dato=4b7909
[GEN 44] origen=4 destino=0 retardo=5 dato=2cba97
[GEN 45] origen=1 destino=4 retardo=6 dato=b523c0
[GEN 46] origen=3 destino=0 retardo=6 dato=6250ef
[GEN 47] origen=4 destino=1 retardo=20 dato=329280
[GEN 48] origen=4 destino=255 retardo=17 dato=27b1fe
[GEN 49] origen=2 destino=0 retardo=9 dato=c93168
[ENV] Generacion de estimulos completada. Esperando vaciado de FIFOs...
[SB] unicast=40 broadcast=7 invalidos=3 a_si_mismo=0 recepciones_esperadas=75
[CHK] ok=75 unexpected=0 out_of_order=0 missing=0
[CHK] Archivo reporte_base_w32_seed10314.csv generado con 75 registros
[ENV] ==================================================
[ENV] SIMULACION FINALIZADA
[ENV] ==================================================
[TEST] ==================================================
[TEST] RESULTADO: PASS (75 paquetes correctos)
[TEST] ==================================================
$finish called from file "testbench.sv", line 83.
$finish at simulation time             19575000

---------------------------------------------------------------------------
VCS Coverage Metrics: during simulation line, cond, FSM, branch, tgl was monitored
---------------------------------------------------------------------------
           V C S   S i m u l a t i o n   R e p o r t 
Time: 19575000 ps
CPU Time:      2.230 seconds;       Data structure size:   1.3Mb
Thu Oct  1 15:24:28 2026
