Command: /mnt/vol_NFS_rh003/Est_Veri_II2026/LEZCANO_FERNANDEZ_CRISTHIAN_VeriII26/Prueba_Proy/./salida_w16 -cm line+tgl+cond+fsm+branch+assert +ntb_random_seed=16316 -l run_w16_seed16316.log
Chronologic VCS simulator copyright 1991-2020
Contains Synopsys proprietary information.
Compiler version R-2020.12-SP2_Full64; Runtime version R-2020.12-SP2_Full64;  Oct  1 15:24 2026
[TEST] ==================================================
[TEST] INICIANDO PRUEBA base (semilla 16316)
[TEST] Generando 50 transacciones...
[TEST] ==================================================
[ENV] ==================================================
[ENV] INICIANDO AMBIENTE DE VERIFICACION
[ENV] ==================================================
[GEN] Creando 50 transacciones con origen aleatorio
[GEN 0] origen=2 destino=3 retardo=4 dato=3b
[GEN 1] origen=5 destino=0 retardo=8 dato=09
[GEN 2] origen=3 destino=1 retardo=17 dato=6e
[GEN 3] origen=5 destino=6 retardo=3 dato=8f
[GEN 4] origen=3 destino=5 retardo=8 dato=2f
[GEN 5] origen=4 destino=5 retardo=14 dato=03
[GEN 6] origen=5 destino=2 retardo=10 dato=16
[GEN 7] origen=2 destino=3 retardo=2 dato=ac
[GEN 8] origen=3 destino=5 retardo=15 dato=54
[GEN 9] origen=3 destino=246 retardo=13 dato=65
[GEN 10] origen=0 destino=2 retardo=14 dato=a6
[GEN 11] origen=1 destino=159 retardo=2 dato=9e
[GEN 12] origen=0 destino=124 retardo=8 dato=c2
[GEN 13] origen=0 destino=4 retardo=9 dato=1b
[GEN 14] origen=1 destino=0 retardo=20 dato=de
[GEN 15] origen=2 destino=1 retardo=13 dato=bf
[GEN 16] origen=3 destino=1 retardo=19 dato=aa
[GEN 17] origen=2 destino=0 retardo=19 dato=64
[GEN 18] origen=4 destino=48 retardo=16 dato=f9
[GEN 19] origen=3 destino=0 retardo=12 dato=9f
[GEN 20] origen=1 destino=0 retardo=1 dato=1d
[GEN 21] origen=0 destino=4 retardo=9 dato=61
[GEN 22] origen=1 destino=0 retardo=18 dato=da
[GEN 23] origen=5 destino=3 retardo=15 dato=2f
[GEN 24] origen=4 destino=0 retardo=16 dato=0f
[GEN 25] origen=0 destino=1 retardo=10 dato=7d
[GEN 26] origen=1 destino=255 retardo=13 dato=5d
[GEN 27] origen=1 destino=0 retardo=13 dato=49
[GEN 28] origen=4 destino=5 retardo=3 dato=ce
[GEN 29] origen=1 destino=4 retardo=1 dato=4a
[GEN 30] origen=0 destino=2 retardo=17 dato=95
[GEN 31] origen=4 destino=3 retardo=20 dato=5d
[GEN 32] origen=4 destino=255 retardo=1 dato=93
[GEN 33] origen=2 destino=6 retardo=17 dato=da
[GEN 34] origen=0 destino=25 retardo=5 dato=51
[GEN 35] origen=1 destino=2 retardo=2 dato=93
[GEN 36] origen=3 destino=255 retardo=3 dato=00
[GEN 37] origen=0 destino=13 retardo=14 dato=c6
[GEN 38] origen=0 destino=4 retardo=5 dato=9b
[GEN 39] origen=3 destino=2 retardo=11 dato=ce
[GEN 40] origen=2 destino=3 retardo=17 dato=cb
[GEN 41] origen=2 destino=204 retardo=2 dato=cb
[GEN 42] origen=2 destino=0 retardo=19 dato=b7
[GEN 43] origen=2 destino=0 retardo=6 dato=58
[GEN 44] origen=1 destino=0 retardo=4 dato=ba
[GEN 45] origen=2 destino=255 retardo=20 dato=f3
[GEN 46] origen=0 destino=2 retardo=16 dato=9b
[GEN 47] origen=4 destino=3 retardo=5 dato=1c
[GEN 48] origen=2 destino=4 retardo=15 dato=4f
[GEN 49] origen=5 destino=3 retardo=5 dato=aa
[ENV] Generacion de estimulos completada. Esperando vaciado de FIFOs...
[SB] unicast=37 broadcast=4 invalidos=9 a_si_mismo=0 recepciones_esperadas=57
[CHK] ok=57 unexpected=0 out_of_order=0 missing=0
[CHK] Archivo reporte_base_w16_seed16316.csv generado con 57 registros
[ENV] ==================================================
[ENV] SIMULACION FINALIZADA
[ENV] ==================================================
[TEST] ==================================================
[TEST] RESULTADO: PASS (57 paquetes correctos)
[TEST] ==================================================
$finish called from file "testbench.sv", line 83.
$finish at simulation time             10885000

---------------------------------------------------------------------------
VCS Coverage Metrics: during simulation line, cond, FSM, branch, tgl was monitored
---------------------------------------------------------------------------
           V C S   S i m u l a t i o n   R e p o r t 
Time: 10885000 ps
CPU Time:      2.000 seconds;       Data structure size:   1.0Mb
Thu Oct  1 15:24:12 2026
