Command: /mnt/vol_NFS_rh003/Est_Veri_II2026/LEZCANO_FERNANDEZ_CRISTHIAN_VeriII26/Prueba_Proy/./salida_w64 -cm line+tgl+cond+fsm+branch+assert +ntb_random_seed=19983 -l run_w64_seed19983.log
Chronologic VCS simulator copyright 1991-2020
Contains Synopsys proprietary information.
Compiler version R-2020.12-SP2_Full64; Runtime version R-2020.12-SP2_Full64;  Oct  1 15:24 2026
[TEST] ==================================================
[TEST] INICIANDO PRUEBA base (semilla 19983)
[TEST] Generando 50 transacciones...
[TEST] ==================================================
[ENV] ==================================================
[ENV] INICIANDO AMBIENTE DE VERIFICACION
[ENV] ==================================================
[GEN] Creando 50 transacciones con origen aleatorio
[GEN 0] origen=4 destino=254 retardo=4 dato=41e46dd80f09b6
[GEN 1] origen=4 destino=0 retardo=13 dato=5ea45a8b8a063a
[GEN 2] origen=1 destino=4 retardo=19 dato=997db9d198547b
[GEN 3] origen=4 destino=3 retardo=18 dato=de723636fab63d
[GEN 4] origen=3 destino=4 retardo=11 dato=502b260bf6d308
[GEN 5] origen=5 destino=3 retardo=12 dato=311968969a88e1
[GEN 6] origen=1 destino=3 retardo=18 dato=75f343b957dbb9
[GEN 7] origen=3 destino=1 retardo=1 dato=16135343686385
[GEN 8] origen=3 destino=0 retardo=18 dato=30d61c959091ba
[GEN 9] origen=5 destino=1 retardo=3 dato=d5f73303f70da4
[GEN 10] origen=1 destino=255 retardo=17 dato=f0e5d3b1f7f2f6
[GEN 11] origen=4 destino=2 retardo=7 dato=993309abf85ffb
[GEN 12] origen=3 destino=255 retardo=18 dato=0fa7a1b8479af4
[GEN 13] origen=3 destino=0 retardo=3 dato=f446f1d2894f04
[GEN 14] origen=2 destino=33 retardo=2 dato=98f6b472148ee0
[GEN 15] origen=2 destino=254 retardo=11 dato=34d3b9e2b6d5ae
[GEN 16] origen=0 destino=4 retardo=12 dato=b5088323451978
[GEN 17] origen=0 destino=255 retardo=8 dato=be2d406bb7f768
[GEN 18] origen=2 destino=1 retardo=2 dato=b32ba5165f9a89
[GEN 19] origen=4 destino=0 retardo=20 dato=574272bd888aa5
[GEN 20] origen=2 destino=0 retardo=14 dato=5831312fb3c03f
[GEN 21] origen=0 destino=1 retardo=15 dato=4794c0495c3a63
[GEN 22] origen=0 destino=3 retardo=19 dato=b94af052e36188
[GEN 23] origen=2 destino=5 retardo=2 dato=0c38cbe6273a7f
[GEN 24] origen=3 destino=1 retardo=16 dato=68d610c0779461
[GEN 25] origen=1 destino=4 retardo=3 dato=fba00fc5d6e2e5
[GEN 26] origen=3 destino=1 retardo=16 dato=1e8cc2cc41b7f8
[GEN 27] origen=3 destino=2 retardo=19 dato=e9e8e06c0ca96c
[GEN 28] origen=5 destino=2 retardo=3 dato=32100cd6dccc3f
[GEN 29] origen=3 destino=0 retardo=12 dato=23e0b10358212e
[GEN 30] origen=1 destino=3 retardo=3 dato=6164b0b63a58eb
[GEN 31] origen=3 destino=111 retardo=1 dato=4b2097f2e171f0
[GEN 32] origen=0 destino=2 retardo=0 dato=4f07d37695ac98
[GEN 33] origen=3 destino=2 retardo=16 dato=fffe43fcdeda28
[GEN 34] origen=4 destino=6 retardo=12 dato=c100411a74627a
[GEN 35] origen=3 destino=255 retardo=11 dato=f77b4a5c869394
[GEN 36] origen=2 destino=38 retardo=6 dato=5268062cf01f6a
[GEN 37] origen=3 destino=4 retardo=5 dato=d6cfb6c428559f
[GEN 38] origen=1 destino=6 retardo=11 dato=07237f7254de2c
[GEN 39] origen=1 destino=5 retardo=6 dato=c0cd6431447f91
[GEN 40] origen=2 destino=255 retardo=14 dato=3f6aba2242bff2
[GEN 41] origen=1 destino=2 retardo=15 dato=a6d1f070ff92c1
[GEN 42] origen=1 destino=3 retardo=10 dato=59f3fa222e9113
[GEN 43] origen=3 destino=101 retardo=18 dato=fea575cdbc6718
[GEN 44] origen=2 destino=5 retardo=15 dato=9c577db6be42fc
[GEN 45] origen=5 destino=3 retardo=0 dato=65504bd7085a4f
[GEN 46] origen=4 destino=200 retardo=9 dato=58ebf60a53d0dc
[GEN 47] origen=2 destino=1 retardo=3 dato=6897e5c504609e
[GEN 48] origen=1 destino=2 retardo=17 dato=e3050ea969dc91
[GEN 49] origen=3 destino=2 retardo=4 dato=e012ebdf1bf548
[ENV] Generacion de estimulos completada. Esperando vaciado de FIFOs...
[SB] unicast=36 broadcast=5 invalidos=9 a_si_mismo=0 recepciones_esperadas=61
[CHK] ok=61 unexpected=0 out_of_order=0 missing=0
[CHK] Archivo reporte_base_w64_seed19983.csv generado con 61 registros
[ENV] ==================================================
[ENV] SIMULACION FINALIZADA
[ENV] ==================================================
[TEST] ==================================================
[TEST] RESULTADO: PASS (61 paquetes correctos)
[TEST] ==================================================
$finish called from file "testbench.sv", line 83.
$finish at simulation time             37245000

---------------------------------------------------------------------------
VCS Coverage Metrics: during simulation line, cond, FSM, branch, tgl was monitored
---------------------------------------------------------------------------
           V C S   S i m u l a t i o n   R e p o r t 
Time: 37245000 ps
CPU Time:      3.000 seconds;       Data structure size:   1.8Mb
Thu Oct  1 15:24:51 2026
